============================= test session starts =============================
platform win32 -- Python 3.13.11, pytest-9.0.3, pluggy-1.6.0 -- C:\Users\Goutham\Desktop\book managment system\venv\Scripts\python.exe
cachedir: .pytest_cache
django: version: 4.2.30, settings: bookstore.settings (from env)
rootdir: C:\Users\Goutham\Desktop\book managment system
configfile: pytest.ini
plugins: django-4.12.0
collecting ... collected 35 items

tests/test_accounts.py::TestRegister::test_register_customer_success PASSED [  2%]
tests/test_accounts.py::TestRegister::test_register_admin_success PASSED [  5%]
tests/test_accounts.py::TestRegister::test_register_duplicate_email PASSED [  8%]
tests/test_accounts.py::TestRegister::test_register_password_mismatch PASSED [ 11%]
tests/test_accounts.py::TestRegister::test_register_short_password PASSED [ 14%]
tests/test_accounts.py::TestLogin::test_login_success_returns_tokens PASSED [ 17%]
tests/test_accounts.py::TestLogin::test_login_wrong_password PASSED      [ 20%]
tests/test_accounts.py::TestLogin::test_login_nonexistent_email PASSED   [ 22%]
tests/test_accounts.py::TestLogin::test_profile_requires_auth PASSED     [ 25%]
tests/test_accounts.py::TestLogin::test_profile_with_valid_token PASSED  [ 28%]
tests/test_books.py::TestBookList::test_list_books_unauthenticated PASSED [ 31%]
tests/test_books.py::TestBookList::test_search_by_title PASSED           [ 34%]
tests/test_books.py::TestBookList::test_search_by_author PASSED          [ 37%]
tests/test_books.py::TestBookList::test_filter_by_genre PASSED           [ 40%]
tests/test_books.py::TestBookList::test_filter_by_price_range PASSED     [ 42%]
tests/test_books.py::TestBookList::test_filter_in_stock PASSED           [ 45%]
tests/test_books.py::TestBookDetail::test_get_book_by_id PASSED          [ 48%]
tests/test_books.py::TestBookDetail::test_get_nonexistent_book_returns_404 PASSED [ 51%]
tests/test_books.py::TestBookCRUD::test_admin_can_create_book PASSED     [ 54%]
tests/test_books.py::TestBookCRUD::test_customer_cannot_create_book PASSED [ 57%]
tests/test_books.py::TestBookCRUD::test_unauthenticated_cannot_create_book FAILED [ 60%]
tests/test_books.py::TestBookCRUD::test_admin_can_update_book PASSED     [ 62%]
tests/test_books.py::TestBookCRUD::test_admin_can_delete_book PASSED     [ 65%]
tests/test_books.py::TestBookCRUD::test_duplicate_isbn_rejected PASSED   [ 68%]
tests/test_orders.py::TestOrderCreation::test_customer_can_place_order PASSED [ 71%]
tests/test_orders.py::TestOrderCreation::test_stock_decremented_after_order PASSED [ 74%]
tests/test_orders.py::TestOrderCreation::test_admin_cannot_place_order PASSED [ 77%]
tests/test_orders.py::TestOrderCreation::test_insufficient_stock_rejected PASSED [ 80%]
tests/test_orders.py::TestOrderCreation::test_nonexistent_book_rejected PASSED [ 82%]
tests/test_orders.py::TestOrderCreation::test_unauthenticated_cannot_order PASSED [ 85%]
tests/test_orders.py::TestOrderAccess::test_admin_can_list_all_orders PASSED [ 88%]
tests/test_orders.py::TestOrderAccess::test_customer_cannot_list_all_orders PASSED [ 91%]
tests/test_orders.py::TestOrderAccess::test_customer_can_view_own_order PASSED [ 94%]
tests/test_orders.py::TestOrderAccess::test_admin_can_update_order_status PASSED [ 97%]
tests/test_orders.py::TestOrderAccess::test_invalid_status_rejected PASSED [100%]

================================== FAILURES ===================================
____________ TestBookCRUD.test_unauthenticated_cannot_create_book _____________

self = <tests.test_books.TestBookCRUD object at 0x000001E610CA0FC0>
api_client = <rest_framework.test.APIClient object at 0x000001E611F5CEC0>

    def test_unauthenticated_cannot_create_book(self, api_client):
        response = api_client.post('/api/books/', {
            'title': 'Test', 'author': 'Test', 'genre': 'Test',
            'isbn': '9990000000001', 'price': '5.00', 'stock_quantity': 1,
        })
>       assert response.status_code == status.HTTP_403_FORBIDDEN
E       assert 401 == 403
E        +  where 401 = <Response status_code=401, "application/json">.status_code
E        +  and   403 = status.HTTP_403_FORBIDDEN

tests\test_books.py:78: AssertionError
------------------------------ Captured log call ------------------------------
WARNING  django.request:log.py:246 Unauthorized: /api/books/
=========================== short test summary info ===========================
FAILED tests/test_books.py::TestBookCRUD::test_unauthenticated_cannot_create_book
======================== 1 failed, 34 passed in 12.08s ========================
